// Jest Snapshot v1, https://goo.gl/fbAQLP

exports[`MobileMenu It should match snapshot 1`] = `
<nav>
  <ul
    class="Tabs"
  >
    <li
      class="Tabs__tab active"
    >
      
      Actions
    
    </li>
     
    <li
      class="Tabs__tab"
    >
      
      ðŸŽ’ 0/10
    
    </li>
     
    <li
      class="Tabs__tab"
    >
      
      Crafting
    
    </li>
  </ul>
</nav>
`;
